00:11:24.641 [TestNG-tests-1] INFO  tests.AssertionsTests - Asserting Thinking in HTML book exist along with its price
00:11:24.836 [TestNG-tests-1] INFO  tests.AssertionsTests - Asserting Thinking in HTML book exist along with its price: Completed
00:11:26.994 [TestNG-tests-2] INFO  tests.AssertionsTests - Asserting Thinking in HTML book exist along with its price
00:11:27.176 [TestNG-tests-2] INFO  tests.AssertionsTests - Asserting Thinking in HTML book exist along with its price: Completed
00:11:45.293 [TestNG-tests-2] INFO  tests.AssertionsTests - Asserting Thinking in HTML book is added to cart
00:11:48.759 [TestNG-tests-2] INFO  tests.AssertionsTests - Asserting Thinking in HTML book is added to cart: Completed
00:12:10.295 [TestNG-tests-1] INFO  tests.AssertionsTests - Asserting Thinking in HTML book is added to cart
00:12:14.545 [TestNG-tests-1] INFO  tests.AssertionsTests - Asserting Thinking in HTML book is added to cart: Completed
00:13:07.495 [TestNG-tests-2] INFO  tests.AssertionsTests - Asserting Billing details are displayed
00:13:14.345 [TestNG-tests-1] INFO  tests.AssertionsTests - Asserting Billing details are displayed
00:13:14.635 [TestNG-tests-2] INFO  tests.AssertionsTests - Asserting Billing details are displayed: Completed
00:13:24.728 [TestNG-tests-1] INFO  tests.AssertionsTests - Asserting Billing details are displayed: Completed
00:14:15.885 [TestNG-tests-2] INFO  tests.FunctionalityTests - Validating Add To Basket button functionality
00:14:16.755 [TestNG-tests-2] INFO  tests.FunctionalityTests - Add To Basket button Functionality validation completed
00:14:17.463 [TestNG-tests-1] INFO  tests.FunctionalityTests - Validating Add To Basket button functionality
00:14:19.067 [TestNG-tests-1] INFO  tests.FunctionalityTests - Add To Basket button Functionality validation completed
00:14:55.170 [TestNG-tests-2] INFO  tests.FunctionalityTests - Validating the functionality of Shopping Cart button
00:15:03.243 [TestNG-tests-1] INFO  tests.FunctionalityTests - Validating the functionality of Shopping Cart button
00:15:04.822 [TestNG-tests-2] INFO  tests.FunctionalityTests - Functionality validation completed
00:15:09.778 [TestNG-tests-1] INFO  tests.FunctionalityTests - Functionality validation completed
00:15:51.505 [TestNG-tests-1] INFO  tests.FunctionalityTests - Validating the functionality of Proceed to Checkout button
00:16:13.375 [TestNG-tests-2] INFO  tests.FunctionalityTests - Validating the functionality of Proceed to Checkout button
00:20:04.989 [TestNG-tests-2] INFO  tests.AssertionsTests - Asserting Thinking in HTML book exist along with its price
00:20:05.350 [TestNG-tests-2] INFO  tests.AssertionsTests - Asserting Thinking in HTML book exist along with its price: Completed
00:21:16.812 [TestNG-tests-2] INFO  tests.AssertionsTests - Asserting Thinking in HTML book is added to cart
00:21:16.831 [TestNG-tests-1] INFO  tests.AssertionsTests - Asserting Thinking in HTML book is added to cart
00:21:27.473 [TestNG-tests-2] INFO  tests.AssertionsTests - Asserting Thinking in HTML book is added to cart: Completed
00:21:27.480 [TestNG-tests-1] INFO  tests.AssertionsTests - Asserting Thinking in HTML book is added to cart: Completed
00:22:54.481 [TestNG-tests-2] INFO  tests.AssertionsTests - Asserting Billing details are displayed
00:23:05.070 [TestNG-tests-1] INFO  tests.AssertionsTests - Asserting Billing details are displayed
00:23:22.939 [TestNG-tests-2] INFO  tests.AssertionsTests - Asserting Billing details are displayed: Completed
00:23:22.939 [TestNG-tests-1] INFO  tests.AssertionsTests - Asserting Billing details are displayed: Completed
00:24:27.339 [TestNG-tests-2] INFO  tests.FunctionalityTests - Validating Add To Basket button functionality
00:24:28.212 [TestNG-tests-2] INFO  tests.FunctionalityTests - Add To Basket button Functionality validation completed
00:24:28.694 [TestNG-tests-1] INFO  tests.FunctionalityTests - Validating Add To Basket button functionality
00:24:29.530 [TestNG-tests-1] INFO  tests.FunctionalityTests - Add To Basket button Functionality validation completed
00:24:53.076 [TestNG-tests-1] INFO  tests.FunctionalityTests - Validating the functionality of Shopping Cart button
00:25:35.010 [TestNG-tests-2] INFO  tests.FunctionalityTests - Validating the functionality of Shopping Cart button
00:25:47.631 [TestNG-tests-2] INFO  tests.FunctionalityTests - Functionality validation completed
00:25:47.641 [TestNG-tests-1] INFO  tests.FunctionalityTests - Functionality validation completed
00:26:44.848 [TestNG-tests-1] INFO  tests.FunctionalityTests - Validating the functionality of Proceed to Checkout button
00:26:49.808 [TestNG-tests-2] INFO  tests.FunctionalityTests - Validating the functionality of Proceed to Checkout button
00:27:00.859 [TestNG-tests-1] INFO  tests.FunctionalityTests - Checkout button Functionality validation completed
00:27:15.872 [TestNG-tests-2] INFO  tests.FunctionalityTests - Checkout button Functionality validation completed
